
> gabriel@0.1.0 vercel-build
> node ./scripts/prisma-optional.js && next build

Skipping `prisma generate` because no DATABASE_URL found and PRISMA_FORCE not set.
Γû▓ Next.js 16.2.2 (Turbopack)
- Environments: .env

  Creating an optimized production build ...
npm.cmd : 
At line:1 char:75
+ ... rielagent'; & 'C:\Program Files\nodejs\npm.cmd' run vercel-build 2>&1 ...
+                 ~~~~~~~~~~~~~~~~~~~~~~~~~~~~~~~~~~~~~~~~~~~~~~~~~~~~~~~~~
    + CategoryInfo          : NotSpecified: (:String) [], RemoteException
    + FullyQualifiedErrorId : NativeCommandError
 
> Build error occurred
Error: Turbopack build failed with 1 errors:
./src/pages/api/sessions.ts:2:1
Module not found: Can't resolve 'mongodb'
  [90m1 |[0m [36mimport[0m [36mtype[0m { [33mNextApiRequest[0m, 
[33mNextApiResponse[0m } [36mfrom[0m [32m'next'[0m;
[31m[1m>[0m [90m2 |[0m [36mimport[0m { [33mMongoClient[0m } 
[36mfrom[0m [32m'mongodb'[0m;
  [90m  |[0m [31m[1m^^^^^^^^^^^^^^^^^^^^^^^^^^^^^^^^^^^^^^[0m
  [90m3 |[0m
  [90m4 |[0m [36mconst[0m [33mMONGODB_URI[0m = 
process.env.[33mMONGODB_URI[0m;
  [90m5 |[0m [36mconst[0m [33mDB_NAME[0m = 
process.env.[33mMONGODB_DB[0m || [32m'gabrielagent'[0m;



https://nextjs.org/docs/messages/module-not-found


    at <unknown> (./src/pages/api/sessions.ts:2:1)
    at <unknown> (https://nextjs.org/docs/messages/module-not-found)
